[2025-04-25T15:45:20.343+0300][0.006s] Heap region size: 1M
[2025-04-25T15:45:20.448+0300][0.110s] Using G1
[2025-04-25T15:45:20.448+0300][0.110s] Heap address: 0x00000000e0000000, size: 512 MB, Compressed Oops mode: 32-bit
[2025-04-25T15:45:20.910+0300][0.572s] GC(0) Pause Young (Normal) (G1 Evacuation Pause)
[2025-04-25T15:45:20.910+0300][0.573s] GC(0) Using 8 workers of 8 for evacuation
[2025-04-25T15:45:20.929+0300][0.591s] GC(0)   Pre Evacuate Collection Set: 0.0ms
[2025-04-25T15:45:20.929+0300][0.591s] GC(0)   Evacuate Collection Set: 18.1ms
[2025-04-25T15:45:20.929+0300][0.591s] GC(0)   Post Evacuate Collection Set: 0.4ms
[2025-04-25T15:45:20.929+0300][0.591s] GC(0)   Other: 0.3ms
[2025-04-25T15:45:20.929+0300][0.591s] GC(0) Eden regions: 30->0(303)
[2025-04-25T15:45:20.929+0300][0.591s] GC(0) Survivor regions: 0->4(4)
[2025-04-25T15:45:20.929+0300][0.591s] GC(0) Old regions: 0->0
[2025-04-25T15:45:20.929+0300][0.591s] GC(0) Humongous regions: 0->0
[2025-04-25T15:45:20.929+0300][0.591s] GC(0) Metaspace: 15649K->15649K(1062912K)
[2025-04-25T15:45:20.929+0300][0.591s] GC(0) Pause Young (Normal) (G1 Evacuation Pause) 30M->3M(512M) 19.074ms
[2025-04-25T15:45:20.929+0300][0.591s] GC(0) User=0.00s Sys=0.00s Real=0.02s
[2025-04-25T15:45:21.112+0300][0.775s] GC(1) Pause Young (Concurrent Start) (Metadata GC Threshold)
[2025-04-25T15:45:21.112+0300][0.775s] GC(1) Using 8 workers of 8 for evacuation
[2025-04-25T15:45:21.118+0300][0.780s] GC(1)   Pre Evacuate Collection Set: 0.0ms
[2025-04-25T15:45:21.118+0300][0.780s] GC(1)   Evacuate Collection Set: 4.9ms
[2025-04-25T15:45:21.118+0300][0.780s] GC(1)   Post Evacuate Collection Set: 0.3ms
[2025-04-25T15:45:21.118+0300][0.780s] GC(1)   Other: 0.1ms
[2025-04-25T15:45:21.118+0300][0.780s] GC(1) Eden regions: 18->0(68)
[2025-04-25T15:45:21.118+0300][0.780s] GC(1) Survivor regions: 4->12(39)
[2025-04-25T15:45:21.118+0300][0.780s] GC(1) Old regions: 0->0
[2025-04-25T15:45:21.118+0300][0.780s] GC(1) Humongous regions: 4->4
[2025-04-25T15:45:21.118+0300][0.780s] GC(1) Metaspace: 20607K->20607K(1069056K)
[2025-04-25T15:45:21.118+0300][0.780s] GC(1) Pause Young (Concurrent Start) (Metadata GC Threshold) 25M->15M(512M) 5.378ms
[2025-04-25T15:45:21.118+0300][0.780s] GC(1) User=0.11s Sys=0.00s Real=0.01s
[2025-04-25T15:45:21.118+0300][0.780s] GC(2) Concurrent Cycle
[2025-04-25T15:45:21.118+0300][0.780s] GC(2) Concurrent Clear Claimed Marks
[2025-04-25T15:45:21.118+0300][0.780s] GC(2) Concurrent Clear Claimed Marks 0.013ms
[2025-04-25T15:45:21.118+0300][0.780s] GC(2) Concurrent Scan Root Regions
[2025-04-25T15:45:21.120+0300][0.782s] GC(2) Concurrent Scan Root Regions 2.253ms
[2025-04-25T15:45:21.120+0300][0.782s] GC(2) Concurrent Mark (0.782s)
[2025-04-25T15:45:21.120+0300][0.782s] GC(2) Concurrent Mark From Roots
[2025-04-25T15:45:21.120+0300][0.782s] GC(2) Using 2 workers of 2 for marking
[2025-04-25T15:45:21.121+0300][0.783s] GC(2) Concurrent Mark From Roots 0.583ms
[2025-04-25T15:45:21.121+0300][0.783s] GC(2) Concurrent Preclean
[2025-04-25T15:45:21.121+0300][0.783s] GC(2) Concurrent Preclean 0.032ms
[2025-04-25T15:45:21.121+0300][0.783s] GC(2) Concurrent Mark (0.782s, 0.783s) 0.644ms
[2025-04-25T15:45:21.121+0300][0.783s] GC(2) Pause Remark
[2025-04-25T15:45:21.122+0300][0.784s] GC(2) Cleaned string and symbol table, strings: 9747 processed, 0 removed, symbols: 69008 processed, 13 removed
[2025-04-25T15:45:21.122+0300][0.784s] GC(2) Pause Remark 16M->16M(512M) 0.683ms
[2025-04-25T15:45:21.122+0300][0.784s] GC(2) User=0.00s Sys=0.00s Real=0.00s
[2025-04-25T15:45:21.122+0300][0.784s] GC(2) Concurrent Rebuild Remembered Sets
[2025-04-25T15:45:21.123+0300][0.785s] GC(2) Concurrent Rebuild Remembered Sets 1.024ms
[2025-04-25T15:45:21.123+0300][0.785s] GC(2) Pause Cleanup
[2025-04-25T15:45:21.123+0300][0.785s] GC(2) Pause Cleanup 16M->16M(512M) 0.051ms
[2025-04-25T15:45:21.123+0300][0.785s] GC(2) User=0.00s Sys=0.00s Real=0.00s
[2025-04-25T15:45:21.123+0300][0.785s] GC(2) Concurrent Cleanup for Next Mark
[2025-04-25T15:45:21.123+0300][0.785s] GC(2) Concurrent Cleanup for Next Mark 0.186ms
[2025-04-25T15:45:21.123+0300][0.785s] GC(2) Concurrent Cycle 5.221ms
[2025-04-25T15:45:21.453+0300][1.115s] GC(3) Pause Young (Normal) (G1 Evacuation Pause)
[2025-04-25T15:45:21.453+0300][1.115s] GC(3) Using 8 workers of 8 for evacuation
[2025-04-25T15:45:21.458+0300][1.120s] GC(3)   Pre Evacuate Collection Set: 0.0ms
[2025-04-25T15:45:21.458+0300][1.120s] GC(3)   Evacuate Collection Set: 4.7ms
[2025-04-25T15:45:21.458+0300][1.120s] GC(3)   Post Evacuate Collection Set: 0.6ms
[2025-04-25T15:45:21.458+0300][1.120s] GC(3)   Other: 0.1ms
[2025-04-25T15:45:21.458+0300][1.120s] GC(3) Eden regions: 43->0(66)
[2025-04-25T15:45:21.458+0300][1.120s] GC(3) Survivor regions: 12->7(7)
[2025-04-25T15:45:21.458+0300][1.120s] GC(3) Old regions: 0->13
[2025-04-25T15:45:21.458+0300][1.120s] GC(3) Humongous regions: 4->4
[2025-04-25T15:45:21.458+0300][1.120s] GC(3) Metaspace: 25992K->25992K(1073152K)
[2025-04-25T15:45:21.458+0300][1.120s] GC(3) Pause Young (Normal) (G1 Evacuation Pause) 58M->23M(512M) 5.471ms
[2025-04-25T15:45:21.458+0300][1.120s] GC(3) User=0.13s Sys=0.00s Real=0.00s
[2025-04-25T15:45:21.886+0300][1.548s] GC(4) Pause Young (Normal) (G1 Evacuation Pause)
[2025-04-25T15:45:21.886+0300][1.548s] GC(4) Using 8 workers of 8 for evacuation
[2025-04-25T15:45:21.888+0300][1.550s] GC(4)   Pre Evacuate Collection Set: 0.0ms
[2025-04-25T15:45:21.888+0300][1.550s] GC(4)   Evacuate Collection Set: 1.5ms
[2025-04-25T15:45:21.888+0300][1.550s] GC(4)   Post Evacuate Collection Set: 0.4ms
[2025-04-25T15:45:21.888+0300][1.550s] GC(4)   Other: 0.1ms
[2025-04-25T15:45:21.888+0300][1.550s] GC(4) Eden regions: 66->0(109)
[2025-04-25T15:45:21.888+0300][1.550s] GC(4) Survivor regions: 7->2(10)
[2025-04-25T15:45:21.888+0300][1.550s] GC(4) Old regions: 13->20
[2025-04-25T15:45:21.888+0300][1.550s] GC(4) Humongous regions: 4->4
[2025-04-25T15:45:21.888+0300][1.550s] GC(4) Metaspace: 33524K->33524K(1079296K)
[2025-04-25T15:45:21.888+0300][1.550s] GC(4) Pause Young (Normal) (G1 Evacuation Pause) 89M->25M(512M) 2.073ms
[2025-04-25T15:45:21.888+0300][1.550s] GC(4) User=0.00s Sys=0.00s Real=0.00s
[2025-04-25T15:45:21.965+0300][1.627s] GC(5) Pause Young (Concurrent Start) (Metadata GC Threshold)
[2025-04-25T15:45:21.965+0300][1.627s] GC(5) Using 8 workers of 8 for evacuation
[2025-04-25T15:45:21.967+0300][1.628s] GC(5)   Pre Evacuate Collection Set: 0.0ms
[2025-04-25T15:45:21.967+0300][1.629s] GC(5)   Evacuate Collection Set: 1.0ms
[2025-04-25T15:45:21.967+0300][1.629s] GC(5)   Post Evacuate Collection Set: 0.2ms
[2025-04-25T15:45:21.967+0300][1.629s] GC(5)   Other: 0.1ms
[2025-04-25T15:45:21.967+0300][1.629s] GC(5) Eden regions: 18->0(121)
[2025-04-25T15:45:21.967+0300][1.629s] GC(5) Survivor regions: 2->2(14)
[2025-04-25T15:45:21.967+0300][1.629s] GC(5) Old regions: 20->20
[2025-04-25T15:45:21.967+0300][1.629s] GC(5) Humongous regions: 4->4
[2025-04-25T15:45:21.967+0300][1.629s] GC(5) Metaspace: 35102K->35102K(1081344K)
[2025-04-25T15:45:21.967+0300][1.629s] GC(5) Pause Young (Concurrent Start) (Metadata GC Threshold) 43M->25M(512M) 1.381ms
[2025-04-25T15:45:21.967+0300][1.629s] GC(5) User=0.00s Sys=0.00s Real=0.00s
[2025-04-25T15:45:21.967+0300][1.629s] GC(6) Concurrent Cycle
[2025-04-25T15:45:21.967+0300][1.629s] GC(6) Concurrent Clear Claimed Marks
[2025-04-25T15:45:21.967+0300][1.629s] GC(6) Concurrent Clear Claimed Marks 0.013ms
[2025-04-25T15:45:21.967+0300][1.629s] GC(6) Concurrent Scan Root Regions
[2025-04-25T15:45:21.967+0300][1.629s] GC(6) Concurrent Scan Root Regions 0.761ms
[2025-04-25T15:45:21.967+0300][1.629s] GC(6) Concurrent Mark (1.629s)
[2025-04-25T15:45:21.967+0300][1.629s] GC(6) Concurrent Mark From Roots
[2025-04-25T15:45:21.967+0300][1.629s] GC(6) Using 2 workers of 2 for marking
[2025-04-25T15:45:21.977+0300][1.639s] GC(6) Concurrent Mark From Roots 9.278ms
[2025-04-25T15:45:21.977+0300][1.639s] GC(6) Concurrent Preclean
[2025-04-25T15:45:21.977+0300][1.639s] GC(6) Concurrent Preclean 0.076ms
[2025-04-25T15:45:21.977+0300][1.639s] GC(6) Concurrent Mark (1.629s, 1.639s) 9.402ms
[2025-04-25T15:45:21.977+0300][1.639s] GC(6) Pause Remark
[2025-04-25T15:45:21.978+0300][1.640s] GC(6) Cleaned string and symbol table, strings: 15044 processed, 28 removed, symbols: 114475 processed, 46 removed
[2025-04-25T15:45:21.979+0300][1.641s] GC(6) Pause Remark 27M->27M(512M) 1.504ms
[2025-04-25T15:45:21.979+0300][1.641s] GC(6) User=0.00s Sys=0.00s Real=0.00s
[2025-04-25T15:45:21.979+0300][1.641s] GC(6) Concurrent Rebuild Remembered Sets
[2025-04-25T15:45:21.983+0300][1.645s] GC(6) Concurrent Rebuild Remembered Sets 4.612ms
[2025-04-25T15:45:21.983+0300][1.645s] GC(6) Pause Cleanup
[2025-04-25T15:45:21.984+0300][1.645s] GC(6) Pause Cleanup 27M->27M(512M) 0.096ms
[2025-04-25T15:45:21.984+0300][1.645s] GC(6) User=0.00s Sys=0.00s Real=0.00s
[2025-04-25T15:45:21.984+0300][1.646s] GC(6) Concurrent Cleanup for Next Mark
[2025-04-25T15:45:21.985+0300][1.647s] GC(6) Concurrent Cleanup for Next Mark 1.191ms
[2025-04-25T15:45:21.985+0300][1.647s] GC(6) Concurrent Cycle 18.210ms
[2025-04-25T15:45:34.006+0300][13.669s] GC(7) Pause Young (Concurrent Start) (G1 Evacuation Pause)
[2025-04-25T15:45:34.006+0300][13.669s] GC(7) Using 8 workers of 8 for evacuation
[2025-04-25T15:45:34.011+0300][13.673s] GC(7)   Pre Evacuate Collection Set: 0.0ms
[2025-04-25T15:45:34.011+0300][13.673s] GC(7)   Evacuate Collection Set: 3.7ms
[2025-04-25T15:45:34.011+0300][13.673s] GC(7)   Post Evacuate Collection Set: 0.5ms
[2025-04-25T15:45:34.011+0300][13.673s] GC(7)   Other: 0.1ms
[2025-04-25T15:45:34.011+0300][13.673s] GC(7) Eden regions: 126->0(204)
[2025-04-25T15:45:34.011+0300][13.673s] GC(7) Survivor regions: 2->9(16)
[2025-04-25T15:45:34.011+0300][13.673s] GC(7) Old regions: 20->20
[2025-04-25T15:45:34.011+0300][13.673s] GC(7) Humongous regions: 5->4
[2025-04-25T15:45:34.011+0300][13.673s] GC(7) Metaspace: 48577K->48577K(1093632K)
[2025-04-25T15:45:34.011+0300][13.673s] GC(7) Pause Young (Concurrent Start) (G1 Evacuation Pause) 152M->32M(512M) 4.454ms
[2025-04-25T15:45:34.011+0300][13.673s] GC(7) User=0.00s Sys=0.00s Real=0.00s
[2025-04-25T15:45:34.011+0300][13.673s] GC(8) Concurrent Cycle
[2025-04-25T15:45:34.011+0300][13.673s] GC(8) Concurrent Clear Claimed Marks
[2025-04-25T15:45:34.011+0300][13.673s] GC(8) Concurrent Clear Claimed Marks 0.019ms
[2025-04-25T15:45:34.011+0300][13.673s] GC(8) Concurrent Scan Root Regions
[2025-04-25T15:45:34.013+0300][13.675s] GC(8) Concurrent Scan Root Regions 2.068ms
[2025-04-25T15:45:34.013+0300][13.675s] GC(8) Concurrent Mark (13.675s)
[2025-04-25T15:45:34.013+0300][13.675s] GC(8) Concurrent Mark From Roots
[2025-04-25T15:45:34.013+0300][13.675s] GC(8) Using 2 workers of 2 for marking
[2025-04-25T15:45:34.022+0300][13.684s] GC(8) Concurrent Mark From Roots 8.920ms
[2025-04-25T15:45:34.022+0300][13.684s] GC(8) Concurrent Preclean
[2025-04-25T15:45:34.022+0300][13.684s] GC(8) Concurrent Preclean 0.052ms
[2025-04-25T15:45:34.022+0300][13.684s] GC(8) Concurrent Mark (13.675s, 13.684s) 9.012ms
[2025-04-25T15:45:34.022+0300][13.685s] GC(8) Pause Remark
[2025-04-25T15:45:34.024+0300][13.686s] GC(8) Cleaned string and symbol table, strings: 22079 processed, 2 removed, symbols: 152330 processed, 89 removed
[2025-04-25T15:45:34.024+0300][13.686s] GC(8) Pause Remark 35M->35M(512M) 1.827ms
[2025-04-25T15:45:34.024+0300][13.686s] GC(8) User=0.00s Sys=0.00s Real=0.00s
[2025-04-25T15:45:34.024+0300][13.686s] GC(8) Concurrent Rebuild Remembered Sets
[2025-04-25T15:45:34.028+0300][13.691s] GC(8) Concurrent Rebuild Remembered Sets 4.648ms
[2025-04-25T15:45:34.029+0300][13.691s] GC(8) Pause Cleanup
[2025-04-25T15:45:34.029+0300][13.691s] GC(8) Pause Cleanup 36M->36M(512M) 0.093ms
[2025-04-25T15:45:34.029+0300][13.691s] GC(8) User=0.00s Sys=0.00s Real=0.00s
[2025-04-25T15:45:34.029+0300][13.691s] GC(8) Concurrent Cleanup for Next Mark
[2025-04-25T15:45:34.029+0300][13.692s] GC(8) Concurrent Cleanup for Next Mark 0.287ms
[2025-04-25T15:45:34.029+0300][13.692s] GC(8) Concurrent Cycle 18.372ms
